..                                                                       [100%]
=============================== tests coverage ================================
_______________ coverage: platform win32, python 3.14.6-final-0 _______________

Name                                  Stmts   Miss   Cover   Missing
--------------------------------------------------------------------
backend\__init__.py                       0      0 100.00%
backend\agents\__init__.py                0      0 100.00%
backend\agents\feature_engineer.py       12      1  91.67%   13
backend\agents\insight_generator.py      11      2  81.82%   13-14
backend\agents\model_selector.py         13      0 100.00%
backend\agents\planner.py                24      1  95.83%   29
backend\agents\profiler.py               20      2  90.00%   15-16
backend\agents\runtime.py                52      3  94.23%   83-85
backend\agents\trainer.py                19      2  89.47%   13, 15
backend\api\__init__.py                   0      0 100.00%
backend\api\agent.py                     58     22  62.07%   29-30, 46-47, 52, 57, 62-71, 76, 81-85
backend\api\chat.py                      20     10  50.00%   19-29
backend\api\status_ws.py                 14      8  42.86%   13-21
backend\api\upload.py                    31      3  90.32%   23, 26, 48
backend\main.py                          21      2  90.48%   8, 41
backend\memory\__init__.py                0      0 100.00%
backend\memory\dataset_memory.py         25      1  96.00%   32
backend\memory\experiment_store.py       35      1  97.14%   43
backend\memory\user_preferences.py        8      8   0.00%   1-13
backend\tools\__init__.py                 0      0 100.00%
backend\tools\data_loader.py             26      9  65.38%   15, 35-43
backend\tools\domain_detection.py        22      8  63.64%   43-46, 57, 62-64
backend\tools\evaluation.py               8      2  75.00%   12, 19
backend\tools\ml_training.py             63     11  82.54%   12, 22, 27, 29, 35, 54, 57, 78, 85-87
backend\ws\__init__.py                    0      0 100.00%
backend\ws\event_stream.py               45     11  75.56%   59, 62-69, 72-73
ui\__init__.py                            0      0 100.00%
ui\app.py                                26     26   0.00%   1-91
ui\components\__init__.py                 0      0 100.00%
ui\components\chat_bubble.py              6      6   0.00%   1-9
ui\components\feature_selector.py         5      5   0.00%   1-8
ui\components\glass_card.py               4      4   0.00%   1-7
ui\components\metric_card.py              4      4   0.00%   1-7
ui\pages\__init__.py                      0      0 100.00%
ui\pages\advisor.py                      19     19   0.00%   1-28
ui\pages\dashboard.py                    75     75   0.00%   1-124
ui\pages\intelligence.py                 84     84   0.00%   1-123
ui\services\__init__.py                   0      0 100.00%
ui\services\api_client.py                62     62   0.00%   1-96
ui\services\ws_client.py                 31     31   0.00%   1-40
ui\state\__init__.py                      0      0 100.00%
ui\state\app_state.py                     9      9   0.00%   1-22
--------------------------------------------------------------------
TOTAL                                   852    432  49.30%
Coverage HTML written to dir htmlcov
Coverage XML written to file coverage.xml
2 passed in 55.01s
